[["code"], [".main", "{", "width:", "", "50px", ";}"]]
