[
  ["code"],
  [
    ".class1",
    "{",
    "color:",
    "",
    "white",
    ";",
    "border-width:",
    "",
    "10px",
    ";",
    "padding:",
    "",
    "20px",
    "}"
  ]
]
