[
  ["code"],
  [".class1", "{", "color:", "", "#ffffff", "}"],
  [".class2", "{", "color:", "", "#ffffff", "}"],
  [".class3", "{", "color:", "", "#ffffff", "}"]
]
