[
  ["code"],
  [".class1", "{", "color:", "", "red", ";", "border-width:", "", "10px", "}"]
]
