[
  ["code"],
  [
    ".class1",
    "{",
    "position:",
    "",
    "relative",
    ";",
    "padding:",
    "",
    "20px",
    "}"
  ],
  [
    ".class2",
    "{",
    "float:",
    "",
    "right",
    ";",
    "opacity:",
    "",
    "0.5",
    ";",
    "vertical-align:",
    "",
    "top",
    ";",
    "display:",
    "",
    "flex",
    ";",
    "justify-content:",
    "",
    "center",
    ";",
    "align-items:",
    "",
    "center",
    ";",
    "}"
  ]
]
